[2024-26] MISS 404 /undergraduate/nursing/minor-and-certificate-programs/
[2024-26] MISS 404 /undergraduate/pharmacy/minor-and-certificate-programs/
[2024-26] MISS 404 /undergraduate/undergraduate-studies/graduation/
[2024-26] MISS 404 /undergraduate/undergraduate-college/degrees-and-programs/
[2024-26] MISS 404 /undergraduate/undergraduate-college/minor-and-certificate-programs/
[2024-26] MISS 404 /undergraduate/undergraduate-college/graduation/
[2024-26] 278 degree pages to fetch
[2024-26] 50/278
[2024-26] 100/278
[2024-26] done
[2022-24] MISS 404 /undergraduate/civic-leadership/degrees-and-programs/
[2022-24] MISS 404 /undergraduate/civic-leadership/minor-and-certificate-programs/
[2022-24] MISS 404 /undergraduate/civic-leadership/graduation/
[2022-24] MISS 404 /undergraduate/nursing/minor-and-certificate-programs/
[2022-24] MISS 404 /undergraduate/pharmacy/minor-and-certificate-programs/
[2022-24] MISS 404 /undergraduate/public-affairs/degrees-and-programs/
[2022-24] MISS 404 /undergraduate/public-affairs/minor-and-certificate-programs/
[2022-24] MISS 404 /undergraduate/public-affairs/graduation/
[2022-24] MISS 404 /undergraduate/undergraduate-studies/graduation/
[2022-24] MISS 404 /undergraduate/undergraduate-college/degrees-and-programs/
[2022-24] MISS 404 /undergraduate/undergraduate-college/minor-and-certificate-programs/
[2022-24] MISS 404 /undergraduate/undergraduate-college/graduation/
[2022-24] 264 degree pages to fetch
[2022-24] 50/264
[2022-24] 100/264
[2022-24] done
exit=0
