[2024-26] cached /undergraduate/liberal-arts/degrees-and-programs/bachelor-of-arts-plan-i/
[2024-26] cached /undergraduate/liberal-arts/degrees-and-programs/bachelor-of-arts-plan-i/african-and-african-diaspora-studies/
[2024-26] cached /undergraduate/liberal-arts/degrees-and-programs/bachelor-of-arts-plan-i/african-and-african-diaspora-studies/sugg-aads-ba/
[2024-26] cached /undergraduate/liberal-arts/degrees-and-programs/bachelor-of-arts-plan-i/american-studies/
[2024-26] cached /undergraduate/liberal-arts/degrees-and-programs/bachelor-of-arts-plan-i/american-studies/sugg-amer-st-ba/
[2024-26] cached /undergraduate/liberal-arts/degrees-and-programs/bachelor-of-arts-plan-i/anthropology/
[2024-26] cached /undergraduate/liberal-arts/degrees-and-programs/bachelor-of-arts-plan-i/anthropology/sugg-anthropology-ba/
[2024-26] cached /undergraduate/liberal-arts/degrees-and-programs/bachelor-of-arts-plan-i/asian-american-studies/
[2024-26] cached /undergraduate/liberal-arts/degrees-and-programs/bachelor-of-arts-plan-i/asian-cultures-and-languages/
[2024-26] cached /undergraduate/liberal-arts/degrees-and-programs/bachelor-of-arts-plan-i/asian-cultures-and-languages/sugg-asian-cul-lang-ba/
[2024-26] cached /undergraduate/liberal-arts/degrees-and-programs/bachelor-of-arts-plan-i/asian-studies/
[2024-26] cached /undergraduate/liberal-arts/degrees-and-programs/bachelor-of-arts-plan-i/asian-studies/sugg-asian-st-ba/
[2024-26] cached /undergraduate/liberal-arts/degrees-and-programs/bachelor-of-arts-plan-i/classical-languages/
[2024-26] cached /undergraduate/liberal-arts/degrees-and-programs/bachelor-of-arts-plan-i/classical-languages/sugg-class-lang-ba/
[2024-26] cached /undergraduate/liberal-arts/degrees-and-programs/bachelor-of-arts-plan-i/classical-studies/
[2024-26] cached /undergraduate/liberal-arts/degrees-and-programs/bachelor-of-arts-plan-i/classical-studies/sugg-class-st-ba/
[2024-26] cached /undergraduate/liberal-arts/degrees-and-programs/bachelor-of-arts-plan-i/economics/
[2024-26] cached /undergraduate/liberal-arts/degrees-and-programs/bachelor-of-arts-plan-i/economics/sugg-eco-ba/
[2024-26] cached /undergraduate/liberal-arts/degrees-and-programs/bachelor-of-arts-plan-i/english/
[2024-26] cached /undergraduate/liberal-arts/degrees-and-programs/bachelor-of-arts-plan-i/english/sugg-english-ba/
[2024-26] cached /undergraduate/liberal-arts/degrees-and-programs/bachelor-of-arts-plan-i/ethnic-studies/
[2024-26] cached /undergraduate/liberal-arts/degrees-and-programs/bachelor-of-arts-plan-i/ethnic-studies/sugg-ethnic-st-ba/
[2024-26] cached /undergraduate/liberal-arts/degrees-and-programs/bachelor-of-arts-plan-i/european-studies/
[2024-26] cached /undergraduate/liberal-arts/degrees-and-programs/bachelor-of-arts-plan-i/european-studies/sugg-euro-st-ba/
[2024-26] cached /undergraduate/liberal-arts/degrees-and-programs/bachelor-of-arts-plan-i/french/
[2024-26] cached /undergraduate/liberal-arts/degrees-and-programs/bachelor-of-arts-plan-i/french/sugg-french-st-ba/
[2024-26] cached /undergraduate/liberal-arts/degrees-and-programs/bachelor-of-arts-plan-i/geography/
[2024-26] cached /undergraduate/liberal-arts/degrees-and-programs/bachelor-of-arts-plan-i/geography/sugg-geog-ba/
[2024-26] cached /undergraduate/liberal-arts/degrees-and-programs/bachelor-of-arts-plan-i/german/
[2024-26] cached /undergraduate/liberal-arts/degrees-and-programs/bachelor-of-arts-plan-i/german/sugg-german-ba/
[2024-26] cached /undergraduate/liberal-arts/degrees-and-programs/bachelor-of-arts-plan-i/government/
[2024-26] cached /undergraduate/liberal-arts/degrees-and-programs/bachelor-of-arts-plan-i/government/sugg-govt-ba/
[2024-26] cached /undergraduate/liberal-arts/degrees-and-programs/bachelor-of-arts-plan-i/health-and-society/
[2024-26] cached /undergraduate/liberal-arts/degrees-and-programs/bachelor-of-arts-plan-i/health-and-society/sugg-health-soc-ba/
[2024-26] cached /undergraduate/liberal-arts/degrees-and-programs/bachelor-of-arts-plan-i/history/
[2024-26] cached /undergraduate/liberal-arts/degrees-and-programs/bachelor-of-arts-plan-i/history/sugg-history-ba/
[2024-26] cached /undergraduate/liberal-arts/degrees-and-programs/bachelor-of-arts-plan-i/human-dimensions-of-organizations/
[2024-26] cached /undergraduate/liberal-arts/degrees-and-programs/bachelor-of-arts-plan-i/human-dimensions-of-organizations/sugg-hdo-ba/
[2024-26] cached /undergraduate/liberal-arts/degrees-and-programs/bachelor-of-arts-plan-i/humanities/
[2024-26] cached /undergraduate/liberal-arts/degrees-and-programs/bachelor-of-arts-plan-i/humanities/sugg-humanities-ba/
[2024-26] cached /undergraduate/liberal-arts/degrees-and-programs/bachelor-of-arts-plan-i/international-relations-and-global-studies/
[2024-26] cached /undergraduate/liberal-arts/degrees-and-programs/bachelor-of-arts-plan-i/international-relations-and-global-studies/sugg-irg-ba/
[2024-26] cached /undergraduate/liberal-arts/degrees-and-programs/bachelor-of-arts-plan-i/italian/
[2024-26] cached /undergraduate/liberal-arts/degrees-and-programs/bachelor-of-arts-plan-i/italian/sugg-italian-st-ba/
[2024-26] cached /undergraduate/liberal-arts/degrees-and-programs/bachelor-of-arts-plan-i/jewish-studies/
[2024-26] cached /undergraduate/liberal-arts/degrees-and-programs/bachelor-of-arts-plan-i/jewish-studies/sugg-jewish-st-ba/
[2024-26] cached /undergraduate/liberal-arts/degrees-and-programs/bachelor-of-arts-plan-i/latin-american-studies/
[2024-26] cached /undergraduate/liberal-arts/degrees-and-programs/bachelor-of-arts-plan-i/latin-american-studies/sugg-latin-amer-st-ba/
[2024-26] cached /undergraduate/liberal-arts/degrees-and-programs/bachelor-of-arts-plan-i/linguistics/
[2024-26] cached /undergraduate/liberal-arts/degrees-and-programs/bachelor-of-arts-plan-i/linguistics/sugg-linguistics-ba/
[2024-26] cached /undergraduate/liberal-arts/degrees-and-programs/bachelor-of-arts-plan-i/mexican-american-studies/
[2024-26] cached /undergraduate/liberal-arts/degrees-and-programs/bachelor-of-arts-plan-i/mexican-american-studies/sugg-mals-ba/
[2024-26] cached /undergraduate/liberal-arts/degrees-and-programs/bachelor-of-arts-plan-i/middle-eastern-studies/
[2024-26] cached /undergraduate/liberal-arts/degrees-and-programs/bachelor-of-arts-plan-i/middle-eastern-studies/sugg-mes-ba/
[2024-26] cached /undergraduate/liberal-arts/degrees-and-programs/bachelor-of-arts-plan-i/philosophy/
[2024-26] cached /undergraduate/liberal-arts/degrees-and-programs/bachelor-of-arts-plan-i/philosophy/sugg-philosophy-ba/
[2024-26] cached /undergraduate/liberal-arts/degrees-and-programs/bachelor-of-arts-plan-i/psychology/
[2024-26] cached /undergraduate/liberal-arts/degrees-and-programs/bachelor-of-arts-plan-i/psychology/sugg-psychology-ba/
[2024-26] cached /undergraduate/liberal-arts/degrees-and-programs/bachelor-of-arts-plan-i/race-indigeneity-and-migration/
[2024-26] cached /undergraduate/liberal-arts/degrees-and-programs/bachelor-of-arts-plan-i/race-indigeneity-and-migration/sugg-rim-ba/
[2024-26] cached /undergraduate/liberal-arts/degrees-and-programs/bachelor-of-arts-plan-i/religious-studies/
[2024-26] cached /undergraduate/liberal-arts/degrees-and-programs/bachelor-of-arts-plan-i/religious-studies/sugg-relig-st-ba/
[2024-26] cached /undergraduate/liberal-arts/degrees-and-programs/bachelor-of-arts-plan-i/rhetoric-and-writing/
[2024-26] cached /undergraduate/liberal-arts/degrees-and-programs/bachelor-of-arts-plan-i/rhetoric-and-writing/sugg-rhetoric-writing-ba/
[2024-26] cached /undergraduate/liberal-arts/degrees-and-programs/bachelor-of-arts-plan-i/russian-east-european-and-eurasian-studies/
[2024-26] cached /undergraduate/liberal-arts/degrees-and-programs/bachelor-of-arts-plan-i/russian-east-european-and-eurasian-studies/sugg-russ-eeuro-st-ba/
[2024-26] cached /undergraduate/liberal-arts/degrees-and-programs/bachelor-of-arts-plan-i/sociology/
[2024-26] cached /undergraduate/liberal-arts/degrees-and-programs/bachelor-of-arts-plan-i/sociology/sugg-sociology-ba/
[2024-26] cached /undergraduate/liberal-arts/degrees-and-programs/bachelor-of-arts-plan-i/spanish/
[2024-26] cached /undergraduate/liberal-arts/degrees-and-programs/bachelor-of-arts-plan-i/spanish/sugg-spanish-ba/
[2024-26] cached /undergraduate/liberal-arts/degrees-and-programs/bachelor-of-arts-plan-i/sustainability-studies/
[2024-26] cached /undergraduate/liberal-arts/degrees-and-programs/bachelor-of-arts-plan-i/sustainability-studies/sugg-sustain-st-ba/
[2024-26] cached /undergraduate/liberal-arts/degrees-and-programs/bachelor-of-arts-plan-i/urban-studies/
[2024-26] cached /undergraduate/liberal-arts/degrees-and-programs/bachelor-of-arts-plan-i/urban-studies/sugg-urban-st-ba/
[2024-26] cached /undergraduate/liberal-arts/degrees-and-programs/bachelor-of-arts-plan-i/womens-and-gender-studies/
[2024-26] cached /undergraduate/liberal-arts/degrees-and-programs/bachelor-of-arts-plan-i/womens-and-gender-studies/sugg-wgs-ba/
[2024-26] cached /undergraduate/liberal-arts/degrees-and-programs/bachelor-of-arts-plan-ii/
[2024-26] cached /undergraduate/liberal-arts/degrees-and-programs/bachelor-of-arts-plan-ii/sugg-planii-ba/
[2024-26] cached /undergraduate/liberal-arts/degrees-and-programs/bs-behavioral-and-social-data-science/
[2024-26] cached /undergraduate/liberal-arts/degrees-and-programs/bs-behavioral-and-social-data-science/sugg-bsds-bsbsds/
[2024-26] cached /undergraduate/liberal-arts/degrees-and-programs/bs-economics/
[2024-26] cached /undergraduate/liberal-arts/degrees-and-programs/bs-economics/sugg-eco-bseco/
[2024-26] cached /undergraduate/liberal-arts/degrees-and-programs/bs-environmental-science/
[2024-26] cached /undergraduate/liberal-arts/degrees-and-programs/bs-environmental-science/sugg-geog-sci-bsenvirsci/
[2024-26] cached /undergraduate/liberal-arts/degrees-and-programs/bs-psychology/
[2024-26] cached /undergraduate/liberal-arts/degrees-and-programs/bs-psychology/sugg-psy-bspsy/
[2024-26] cached /undergraduate/liberal-arts/graduation/
[2024-26] cached /undergraduate/natural-sciences/degrees-and-programs/bachelor-of-arts-plan-i/
[2024-26] cached /undergraduate/natural-sciences/degrees-and-programs/bachelor-of-arts-plan-i/astronomy/
[2024-26] cached /undergraduate/natural-sciences/degrees-and-programs/bachelor-of-arts-plan-i/astronomy/sugg-astronomy-ba/
[2024-26] cached /undergraduate/natural-sciences/degrees-and-programs/bachelor-of-arts-plan-i/chemistry/
[2024-26] cached /undergraduate/natural-sciences/degrees-and-programs/bachelor-of-arts-plan-i/chemistry/sugg-chemistry-ba/
[2024-26] cached /undergraduate/natural-sciences/degrees-and-programs/bachelor-of-arts-plan-i/mathematics/
[2024-26] cached /undergraduate/natural-sciences/degrees-and-programs/bachelor-of-arts-plan-i/mathematics/sugg-math-ba/
[2024-26] cached /undergraduate/natural-sciences/degrees-and-programs/bachelor-of-arts-plan-i/physics/
[2024-26] cached /undergraduate/natural-sciences/degrees-and-programs/bachelor-of-arts-plan-i/physics/sugg-physics-ba/
[2024-26] cached /undergraduate/natural-sciences/degrees-and-programs/bachelor-of-science-and-arts/
[2024-26] cached /undergraduate/natural-sciences/degrees-and-programs/bachelor-of-science-and-arts/astronomy/
[2024-26] cached /undergraduate/natural-sciences/degrees-and-programs/bachelor-of-science-and-arts/astronomy/sugg-astronomy-bsa/
[2024-26] cached /undergraduate/natural-sciences/degrees-and-programs/bachelor-of-science-and-arts/biology/
[2024-26] cached /undergraduate/natural-sciences/degrees-and-programs/bachelor-of-science-and-arts/biology/sugg-bio-bsa/
[2024-26] cached /undergraduate/natural-sciences/degrees-and-programs/bachelor-of-science-and-arts/chemistry/
[2024-26] cached /undergraduate/natural-sciences/degrees-and-programs/bachelor-of-science-and-arts/chemistry/sugg-chem-bsa/
[2024-26] cached /undergraduate/natural-sciences/degrees-and-programs/bachelor-of-science-and-arts/computer-science/
[2024-26] cached /undergraduate/natural-sciences/degrees-and-programs/bachelor-of-science-and-arts/computer-science/sugg-comp-sci-bsa/
[2024-26] cached /undergraduate/natural-sciences/degrees-and-programs/bachelor-of-science-and-arts/human-development-and-family-studies/
[2024-26] cached /undergraduate/natural-sciences/degrees-and-programs/bachelor-of-science-and-arts/human-development-and-family-studies/sugg-hdfs-bsa/
[2024-26] cached /undergraduate/natural-sciences/degrees-and-programs/bachelor-of-science-and-arts/human-ecology/
[2024-26] cached /undergraduate/natural-sciences/degrees-and-programs/bachelor-of-science-and-arts/human-ecology/sugg-human-eco-bsa/
[2024-26] cached /undergraduate/natural-sciences/degrees-and-programs/bachelor-of-science-and-arts/mathematics/
[2024-26] cached /undergraduate/natural-sciences/degrees-and-programs/bachelor-of-science-and-arts/mathematics/sugg-math-bsa/
[2024-26] cached /undergraduate/natural-sciences/degrees-and-programs/bachelor-of-science-and-arts/neuroscience/
[2024-26] cached /undergraduate/natural-sciences/degrees-and-programs/bachelor-of-science-and-arts/neuroscience/sugg-neurosci-bsa/
[2024-26] cached /undergraduate/natural-sciences/degrees-and-programs/bachelor-of-science-and-arts/nutrition/
[2024-26] cached /undergraduate/natural-sciences/degrees-and-programs/bachelor-of-science-and-arts/nutrition/sugg-nutrition-bsa/
[2024-26] cached /undergraduate/natural-sciences/degrees-and-programs/bachelor-of-science-and-arts/physics/
[2024-26] cached /undergraduate/natural-sciences/degrees-and-programs/bachelor-of-science-and-arts/physics/sugg-physics-bsa/
[2024-26] cached /undergraduate/natural-sciences/degrees-and-programs/bs-astronomy/
[2024-26] cached /undergraduate/natural-sciences/degrees-and-programs/bs-astronomy/sugg-astronomy-bsast/
[2024-26] cached /undergraduate/natural-sciences/degrees-and-programs/bs-biochemistry/
[2024-26] cached /undergraduate/natural-sciences/degrees-and-programs/bs-biochemistry/sugg-biochem-bsbioch/
[2024-26] cached /undergraduate/natural-sciences/degrees-and-programs/bs-biology/
[2024-26] cached /undergraduate/natural-sciences/degrees-and-programs/bs-biology/sugg-bio-bsbio/
[2024-26] cached /undergraduate/natural-sciences/degrees-and-programs/bs-chemistry/
[2024-26] cached /undergraduate/natural-sciences/degrees-and-programs/bs-chemistry/sugg-chem-bsch/
[2024-26] cached /undergraduate/natural-sciences/degrees-and-programs/bs-computer-science/
[2024-26] cached /undergraduate/natural-sciences/degrees-and-programs/bs-computer-science/sugg-comp-sci-bscompsci/
[2024-26] cached /undergraduate/natural-sciences/degrees-and-programs/bs-environmental-science/
[2024-26] cached /undergraduate/natural-sciences/degrees-and-programs/bs-environmental-science/sugg-bio-sci-bsenvirsci/
[2024-26] cached /undergraduate/natural-sciences/degrees-and-programs/bs-human-development-and-family-sciences/
[2024-26] cached /undergraduate/natural-sciences/degrees-and-programs/bs-human-development-and-family-sciences/sugg-hdfs-bshdfs/
[2024-26] cached /undergraduate/natural-sciences/degrees-and-programs/bs-mathematics/
[2024-26] cached /undergraduate/natural-sciences/degrees-and-programs/bs-mathematics/sugg-math-bsmath/
[2024-26] cached /undergraduate/natural-sciences/degrees-and-programs/bs-medical-laboratory-science/
[2024-26] cached /undergraduate/natural-sciences/degrees-and-programs/bs-medical-laboratory-science/sugg-med-lab-sci-bsmedlabsci/
[2024-26] cached /undergraduate/natural-sciences/degrees-and-programs/bs-neuroscience/
[2024-26] cached /undergraduate/natural-sciences/degrees-and-programs/bs-neuroscience/sugg-neurosci-bsneurosci/
[2024-26] cached /undergraduate/natural-sciences/degrees-and-programs/bs-nutrition/
[2024-26] cached /undergraduate/natural-sciences/degrees-and-programs/bs-nutrition/sugg-nutrition-bsntr/
[2024-26] cached /undergraduate/natural-sciences/degrees-and-programs/bs-physics/
[2024-26] cached /undergraduate/natural-sciences/degrees-and-programs/bs-physics/sugg-physics-bsphy/
[2024-26] cached /undergraduate/natural-sciences/degrees-and-programs/bs-public-health/
[2024-26] cached /undergraduate/natural-sciences/degrees-and-programs/bs-public-health/sugg-pub-hlth-bspublichealth/
[2024-26] cached /undergraduate/natural-sciences/degrees-and-programs/bs-statistics-and-data-sciences/
[2024-26] cached /undergraduate/natural-sciences/degrees-and-programs/bs-statistics-and-data-sciences/sugg-stat-data-sci-bssds/
[2024-26] cached /undergraduate/natural-sciences/degrees-and-programs/bs-textiles-and-apparel/
[2024-26] cached /undergraduate/natural-sciences/degrees-and-programs/bs-textiles-and-apparel/sugg-txa-bsta/
[2024-26] cached /undergraduate/natural-sciences/graduation/
Traceback (most recent call last):
  File "/home/user/bailey-inglish.github.io/pipeline/scrape.py", line 83, in <module>
    main()
  File "/home/user/bailey-inglish.github.io/pipeline/scrape.py", line 76, in main
    fetch_cached(edition, rel)
  File "/home/user/bailey-inglish.github.io/pipeline/scrape.py", line 48, in fetch_cached
    html = fetch(url)
           ^^^^^^^^^^
  File "/home/user/bailey-inglish.github.io/pipeline/scrape.py", line 30, in fetch
    with urllib.request.urlopen(req, timeout=60) as resp:
         ^^^^^^^^^^^^^^^^^^^^^^^^^^^^^^^^^^^^^^^
  File "/usr/lib/python3.11/urllib/request.py", line 216, in urlopen
    return opener.open(url, data, timeout)
           ^^^^^^^^^^^^^^^^^^^^^^^^^^^^^^^
  File "/usr/lib/python3.11/urllib/request.py", line 525, in open
    response = meth(req, response)
               ^^^^^^^^^^^^^^^^^^^
  File "/usr/lib/python3.11/urllib/request.py", line 634, in http_response
    response = self.parent.error(
               ^^^^^^^^^^^^^^^^^^
  File "/usr/lib/python3.11/urllib/request.py", line 563, in error
    return self._call_chain(*args)
           ^^^^^^^^^^^^^^^^^^^^^^^
  File "/usr/lib/python3.11/urllib/request.py", line 496, in _call_chain
    result = func(*args)
             ^^^^^^^^^^^
  File "/usr/lib/python3.11/urllib/request.py", line 643, in http_error_default
    raise HTTPError(req.full_url, code, msg, hdrs, fp)
urllib.error.HTTPError: HTTP Error 404: Not Found
exit 123
